Archive member included to satisfy reference by file (symbol)

/home/alex/GitHub/artik-firmata/platform/radio/rail_lib/autogen/librail_release/librail_efr32xg1_gcc_release.a(rail_pti.o)
                              ./pti.o (RAIL_ConfigPti)
/home/alex/GitHub/artik-firmata/platform/radio/rail_lib/autogen/librail_release/librail_efr32xg1_gcc_release.a(rail_rf_hal.o)
                              /home/alex/GitHub/artik-firmata/platform/radio/rail_lib/autogen/librail_release/librail_efr32xg1_gcc_release.a(rail_pti.o) (RAILINT_d2275ce494141a43924ec452d3ba7576)
/home/alex/GitHub/artik-firmata/platform/radio/rail_lib/autogen/librail_release/librail_efr32xg1_gcc_release.a(rail_ieee802154_rf_hal.o)
                              /home/alex/GitHub/artik-firmata/platform/radio/rail_lib/autogen/librail_release/librail_efr32xg1_gcc_release.a(rail_rf_hal.o) (RAILINT_d4473776f83cbc0e517010e932869722)
/home/alex/GitHub/artik-firmata/platform/radio/rail_lib/autogen/librail_release/librail_efr32xg1_gcc_release.a(ieee802154_efr32xg1_configurator_out.o)
                              /home/alex/GitHub/artik-firmata/platform/radio/rail_lib/autogen/librail_release/librail_efr32xg1_gcc_release.a(rail_ieee802154_rf_hal.o) (RAILINT_56ebdcae647450932a8a8aff819e5e47)
/home/alex/GitHub/artik-firmata/platform/radio/rail_lib/autogen/librail_release/librail_efr32xg1_gcc_release.a(rail_singleprotocol.o)
                              /home/alex/GitHub/artik-firmata/platform/radio/rail_lib/autogen/librail_release/librail_efr32xg1_gcc_release.a(rail_rf_hal.o) (RAIL_ActiveHandle)
/home/alex/GitHub/artik-firmata/platform/radio/rail_lib/autogen/librail_release/librail_efr32xg1_gcc_release.a(rail_rf.o)
                              /home/alex/GitHub/artik-firmata/platform/radio/rail_lib/autogen/librail_release/librail_efr32xg1_gcc_release.a(rail_singleprotocol.o) (RAILINT_59121321a1358ecc506fdb12a688e30c)
/home/alex/GitHub/artik-firmata/platform/radio/rail_lib/autogen/librail_release/librail_efr32xg1_gcc_release.a(rail_rx.o)
                              /home/alex/GitHub/artik-firmata/platform/radio/rail_lib/autogen/librail_release/librail_efr32xg1_gcc_release.a(rail_rf_hal.o) (RAILINT_b5e0637c62bb3b836502f3f63757d920)
/home/alex/GitHub/artik-firmata/platform/radio/rail_lib/autogen/librail_release/librail_efr32xg1_gcc_release.a(rail_tx.o)
                              /home/alex/GitHub/artik-firmata/platform/radio/rail_lib/autogen/librail_release/librail_efr32xg1_gcc_release.a(rail_singleprotocol.o) (RAILINT_59a1e3a8f29d5e090128a9d6830a6ec9)
/home/alex/GitHub/artik-firmata/platform/radio/rail_lib/autogen/librail_release/librail_efr32xg1_gcc_release.a(rail_calibration.o)
                              /home/alex/GitHub/artik-firmata/platform/radio/rail_lib/autogen/librail_release/librail_efr32xg1_gcc_release.a(rail_rf_hal.o) (RAILINT_3f0b6529856489702e1c986caf70e7aa)
/home/alex/GitHub/artik-firmata/platform/radio/rail_lib/autogen/librail_release/librail_efr32xg1_gcc_release.a(rail_data.o)
                              /home/alex/GitHub/artik-firmata/platform/radio/rail_lib/autogen/librail_release/librail_efr32xg1_gcc_release.a(rail_rf_hal.o) (RAILCb_SetupRxFifo)
/home/alex/GitHub/artik-firmata/platform/radio/rail_lib/autogen/librail_release/librail_efr32xg1_gcc_release.a(rail_assert.o)
                              /home/alex/GitHub/artik-firmata/platform/radio/rail_lib/autogen/librail_release/librail_efr32xg1_gcc_release.a(rail_rf_hal.o) (RAILINT_999bd22c50df2f99ce048cba68f11c3a)
/home/alex/GitHub/artik-firmata/platform/radio/rail_lib/autogen/librail_release/librail_efr32xg1_gcc_release.a(rail_rssi.o)
                              /home/alex/GitHub/artik-firmata/platform/radio/rail_lib/autogen/librail_release/librail_efr32xg1_gcc_release.a(rail_singleprotocol.o) (RAILINT_2ae173a878096855d408617a125c7b42)
/home/alex/GitHub/artik-firmata/platform/radio/rail_lib/autogen/librail_release/librail_efr32xg1_gcc_release.a(rail_timer.o)
                              /home/alex/GitHub/artik-firmata/platform/radio/rail_lib/autogen/librail_release/librail_efr32xg1_gcc_release.a(rail_singleprotocol.o) (RAILINT_b6e199795dd44eee119efd9607ebf619)
/home/alex/GitHub/artik-firmata/platform/radio/rail_lib/autogen/librail_release/librail_efr32xg1_gcc_release.a(tmrdrv.o)
                              /home/alex/GitHub/artik-firmata/platform/radio/rail_lib/autogen/librail_release/librail_efr32xg1_gcc_release.a(rail_timer.o) (RAILINT_4f0ff74d9bf6909df45aa720074551b9)
/home/alex/GitHub/artik-firmata/platform/radio/rail_lib/autogen/librail_release/librail_efr32xg1_gcc_release.a(tmrdrv_config.o)
                              /home/alex/GitHub/artik-firmata/platform/radio/rail_lib/autogen/librail_release/librail_efr32xg1_gcc_release.a(tmrdrv.o) (RAILINT_984b452274fd8ccd354c81a698356dd4)
/home/alex/GitHub/artik-firmata/platform/radio/rail_lib/autogen/librail_release/librail_efr32xg1_gcc_release.a(rfhal_bufc.o)
[...]
Memory Configuration

Name             Origin             Length             Attributes
FLASH_BOOTLOADER 0x0000000000000000 0x0000000000004000 xr
FLASH            0x0000000000004000 0x000000000003b000 xr
RAM              0x0000000020000000 0x0000000000007c00 xrw
*default*        0x0000000000000000 0xffffffffffffffff

Linker script and memory map

LOAD /home/alex/Downloads/SimplicityStudio_v4/developer/toolchains/gnu_arm/7.2_2017q4/bin/../lib/gcc/arm-none-eabi/7.2.1/thumb/v7e-m/fpv4-sp/softfp/crti.o
LOAD /home/alex/Downloads/SimplicityStudio_v4/developer/toolchains/gnu_arm/7.2_2017q4/bin/../lib/gcc/arm-none-eabi/7.2.1/thumb/v7e-m/fpv4-sp/softfp/crtbegin.o
LOAD /home/alex/Downloads/SimplicityStudio_v4/developer/toolchains/gnu_arm/7.2_2017q4/bin/../lib/gcc/arm-none-eabi/7.2.1/../../../../arm-none-eabi/lib/thumb/v7e-m/fpv4-sp/softfp/crt0.o
START GROUP
LOAD ./.metadata/.plugins/org.eclipse.cdt.make.core/specs.o
LOAD ./app/bluetooth/common/util/infrastructure.o
LOAD ./application_properties.o
LOAD ./gatt_db.o
LOAD ./init_app.o
LOAD ./init_board_efr32xg1.o
LOAD ./init_mcu_efr32xg1.o
LOAD ./main.o
LOAD ./pti.o
LOAD ./hardware/kit/common/bsp/bsp_stk.o
LOAD ./hardware/kit/common/drivers/mx25flash_spi.o
LOAD ./platform/Device/SiliconLabs/EFR32BG1B/Source/GCC/startup_efr32bg1b.o
LOAD ./platform/Device/SiliconLabs/EFR32BG1B/Source/system_efr32bg1b.o
LOAD ./platform/emdrv/sleep/src/sleep.o
LOAD ./platform/emdrv/tempdrv/src/tempdrv.o
LOAD ./platform/emlib/src/em_assert.o
LOAD ./platform/emlib/src/em_cmu.o
LOAD ./platform/emlib/src/em_core.o
LOAD ./platform/emlib/src/em_cryotimer.o
LOAD ./platform/emlib/src/em_crypto.o
LOAD ./platform/emlib/src/em_emu.o
LOAD ./platform/emlib/src/em_gpio.o
LOAD ./platform/emlib/src/em_i2c.o
LOAD ./platform/emlib/src/em_msc.o
LOAD ./platform/emlib/src/em_rmu.o
LOAD ./platform/emlib/src/em_rtcc.o
LOAD ./platform/emlib/src/em_se.o
LOAD ./platform/emlib/src/em_system.o
LOAD ./platform/emlib/src/em_timer.o
LOAD ./platform/emlib/src/em_usart.o
LOAD /home/alex/GitHub/artik-firmata/protocol/bluetooth/lib/EFR32BG1B/GCC/libmbedtls.a
LOAD /home/alex/GitHub/artik-firmata/protocol/bluetooth/lib/EFR32BG1B/GCC/libpsstore.a
LOAD /home/alex/GitHub/artik-firmata/protocol/bluetooth/lib/EFR32BG1B/GCC/binapploader.o
LOAD /home/alex/GitHub/artik-firmata/protocol/bluetooth/lib/EFR32BG1B/GCC/libbluetooth.a
LOAD /home/alex/GitHub/artik-firmata/platform/radio/rail_lib/autogen/librail_release/librail_efr32xg1_gcc_release.a
LOAD /home/alex/Downloads/SimplicityStudio_v4/developer/toolchains/gnu_arm/7.2_2017q4/bin/../lib/gcc/arm-none-eabi/7.2.1/../../../../arm-none-eabi/lib/thumb/v7e-m/fpv4-sp/softfp/libm.a
END GROUP
START GROUP
LOAD /home/alex/Downloads/SimplicityStudio_v4/developer/toolchains/gnu_arm/7.2_2017q4/bin/../lib/gcc/arm-none-eabi/7.2.1/thumb/v7e-m/fpv4-sp/softfp/libgcc.a
LOAD /home/alex/Downloads/SimplicityStudio_v4/developer/toolchains/gnu_arm/7.2_2017q4/bin/../lib/gcc/arm-none-eabi/7.2.1/../../../../arm-none-eabi/lib/thumb/v7e-m/fpv4-sp/softfp/libc_nano.a
LOAD /home/alex/Downloads/SimplicityStudio_v4/developer/toolchains/gnu_arm/7.2_2017q4/bin/../lib/gcc/arm-none-eabi/7.2.1/../../../../arm-none-eabi/lib/thumb/v7e-m/fpv4-sp/softfp/libnosys.a
END GROUP
START GROUP
LOAD /home/alex/Downloads/SimplicityStudio_v4/developer/toolchains/gnu_arm/7.2_2017q4/bin/../lib/gcc/arm-none-eabi/7.2.1/thumb/v7e-m/fpv4-sp/softfp/libgcc.a
LOAD /home/alex/Downloads/SimplicityStudio_v4/developer/toolchains/gnu_arm/7.2_2017q4/bin/../lib/gcc/arm-none-eabi/7.2.1/../../../../arm-none-eabi/lib/thumb/v7e-m/fpv4-sp/softfp/libg_nano.a
LOAD /home/alex/Downloads/SimplicityStudio_v4/developer/toolchains/gnu_arm/7.2_2017q4/bin/../lib/gcc/arm-none-eabi/7.2.1/../../../../arm-none-eabi/lib/thumb/v7e-m/fpv4-sp/softfp/libc_nano.a
END GROUP
START GROUP
LOAD /home/alex/Downloads/SimplicityStudio_v4/developer/toolchains/gnu_arm/7.2_2017q4/bin/../lib/gcc/arm-none-eabi/7.2.1/thumb/v7e-m/fpv4-sp/softfp/libgcc.a
LOAD /home/alex/Downloads/SimplicityStudio_v4/developer/toolchains/gnu_arm/7.2_2017q4/bin/../lib/gcc/arm-none-eabi/7.2.1/../../../../arm-none-eabi/lib/thumb/v7e-m/fpv4-sp/softfp/libc_nano.a
END GROUP
LOAD /home/alex/Downloads/SimplicityStudio_v4/developer/toolchains/gnu_arm/7.2_2017q4/bin/../lib/gcc/arm-none-eabi/7.2.1/thumb/v7e-m/fpv4-sp/softfp/crtend.o
LOAD /home/alex/Downloads/SimplicityStudio_v4/developer/toolchains/gnu_arm/7.2_2017q4/bin/../lib/gcc/arm-none-eabi/7.2.1/thumb/v7e-m/fpv4-sp/softfp/crtn.o

.text_bootloader
                0x0000000000000000        0x0
 *(.binbootloader*)
                0x0000000000000000                . = ALIGN (0x4000)

.text_apploader
                0x0000000000004000     0x87c0
 *(.binapploader*)
 .binapploader  0x0000000000004000     0x87c0 /home/alex/GitHub/artik-firmata/protocol/bluetooth/lib/EFR32BG1B/GCC/binapploader.o

.text_signature
                0x000000000000c7c0       0x40
                0x000000000000c800                . = ALIGN (0x800)
 *fill*         0x000000000000c7c0       0x40 
                0x000000000000c800                __text_start__ = .

.text_application
                0x000000000000c800     0x2314
 *(.vectors)
 .vectors       0x000000000000c800       0xc8 ./platform/Device/SiliconLabs/EFR32BG1B/Source/GCC/startup_efr32bg1b.o
                0x000000000000c800                __Vectors
                0x000000000000c8c8                __Vectors_End = .
                0x00000000000000c8                __Vectors_Size = (__Vectors_End - __Vectors)
                0x000000000000c8c8                __end__ = .
 *(.application_properties)
 .application_properties
                0x000000000000c8c8       0x38 ./application_properties.o
                0x000000000000c8c8                applicationProperties
 *(.gecko_configuration)
 *(.xo_configuration)
 *(.gatt_header)
 .gatt_header   0x000000000000c900       0x34 ./gatt_db.o
                0x000000000000c900                bg_gattdb_data
 *(.gatt_data)
 .gatt_data     0x000000000000c934      0x1d6 ./gatt_db.o
                0x000000000000c934                bg_gattdb_data_adv_uuid128_map
                0x000000000000c938                bg_gattdb_data_adv_uuid16_map
                0x000000000000c93c                bg_gattdb_data_attributes_dynamic_mapping_map
                0x000000000000c944                bg_gattdb_data_attributes_map
                0x000000000000ca28                bg_gattdb_data_attribute_field_0
                0x000000000000ca2c                bg_gattdb_data_attribute_field_1
                0x000000000000ca34                bg_gattdb_data_attribute_field_2
                0x000000000000ca3c                bg_gattdb_data_attribute_field_4
                0x000000000000ca40                bg_gattdb_data_attribute_field_5
                0x000000000000ca48                bg_gattdb_data_attribute_field_6
                0x000000000000ca50                bg_gattdb_data_attribute_field_7
                0x000000000000ca58                bg_gattdb_data_attribute_field_8
                0x000000000000ca5c                bg_gattdb_data_attribute_field_9
                0x000000000000ca60                bg_gattdb_data_attribute_field_10
                0x000000000000ca68                bg_gattdb_data_attribute_field_11
                0x000000000000ca78                bg_gattdb_data_attribute_field_12
                0x000000000000ca80                bg_gattdb_data_attribute_field_13
                0x000000000000ca8c                bg_gattdb_data_attribute_field_14
                0x000000000000ca94                bg_gattdb_data_attribute_field_15
                0x000000000000ca9c                bg_gattdb_data_attribute_field_16
                0x000000000000cab0                bg_gattdb_data_attribute_field_17
                0x000000000000cac8                bg_gattdb_data_attribute_field_18
                0x000000000000cad0                bg_gattdb_data_uuidtable_128_map
                0x000000000000caf0                bg_gattdb_data_uuidtable_16_map
 *(.text*)
 *fill*         0x000000000000cb0a        0x2 
 .text          0x000000000000cb0c       0x40 /home/alex/Downloads/SimplicityStudio_v4/developer/toolchains/gnu_arm/7.2_2017q4/bin/../lib/gcc/arm-none-eabi/7.2.1/thumb/v7e-m/fpv4-sp/softfp/crtbegin.o
 .text          0x000000000000cb4c       0x74 /home/alex/Downloads/SimplicityStudio_v4/developer/toolchains/gnu_arm/7.2_2017q4/bin/../lib/gcc/arm-none-eabi/7.2.1/../../../../arm-none-eabi/lib/thumb/v7e-m/fpv4-sp/softfp/crt0.o
                0x000000000000cb4c                _mainCRTStartup
                0x000000000000cb4c                _start
 .text.startup.main
                0x000000000000cbc0      0x158 ./main.o
                0x000000000000cbc0                main
 .text.Default_Handler
                0x000000000000cd18        0x4 ./platform/Device/SiliconLabs/EFR32BG1B/Source/GCC/startup_efr32bg1b.o
                0x000000000000cd18                DebugMon_Handler
                0x000000000000cd18                USART0_TX_IRQHandler
                0x000000000000cd18                I2C0_IRQHandler
                0x000000000000cd18                HardFault_Handler
                0x000000000000cd18                SysTick_Handler
                0x000000000000cd18                USART1_RX_IRQHandler
                0x000000000000cd18                PendSV_Handler
                0x000000000000cd18                NMI_Handler
                0x000000000000cd18                WDOG0_IRQHandler
                0x000000000000cd18                USART1_TX_IRQHandler
                0x000000000000cd18                MSC_IRQHandler
                0x000000000000cd18                ADC0_IRQHandler
                0x000000000000cd18                UsageFault_Handler
                0x000000000000cd18                LEUART0_IRQHandler
                0x000000000000cd18                FPUEH_IRQHandler
                0x000000000000cd18                GPIO_EVEN_IRQHandler
                0x000000000000cd18                LDMA_IRQHandler
                0x000000000000cd18                TIMER0_IRQHandler
                0x000000000000cd18                LETIMER0_IRQHandler
                0x000000000000cd18                TIMER1_IRQHandler
                0x000000000000cd18                Default_Handler
                0x000000000000cd18                CRYOTIMER_IRQHandler
                0x000000000000cd18                PCNT0_IRQHandler
                0x000000000000cd18                ACMP0_IRQHandler
                0x000000000000cd18                USART0_RX_IRQHandler
                0x000000000000cd18                MemManage_Handler
                0x000000000000cd18                SVC_Handler
                0x000000000000cd18                RTCC_IRQHandler
                0x000000000000cd18                CRYPTO_IRQHandler
                0x000000000000cd18                CMU_IRQHandler
                0x000000000000cd18                GPIO_ODD_IRQHandler
                0x000000000000cd18                BusFault_Handler
                0x000000000000cd18                IDAC0_IRQHandler
 .text.Reset_Handler
                0x000000000000cd1c       0x2c ./platform/Device/SiliconLabs/EFR32BG1B/Source/GCC/startup_efr32bg1b.o
                0x000000000000cd1c                Reset_Handler
 .text.SystemHFClockGet
                0x000000000000cd48       0x50 ./platform/Device/SiliconLabs/EFR32BG1B/Source/system_efr32bg1b.o
                0x000000000000cd48                SystemHFClockGet
 .text.SystemCoreClockGet
                0x000000000000cd98       0x24 ./platform/Device/SiliconLabs/EFR32BG1B/Source/system_efr32bg1b.o
                0x000000000000cd98                SystemCoreClockGet
 .text.SystemHFXOClockGet
                0x000000000000cdbc        0xc ./platform/Device/SiliconLabs/EFR32BG1B/Source/system_efr32bg1b.o
                0x000000000000cdbc                SystemHFXOClockGet
 .text.SystemInit
                0x000000000000cdc8       0x54 ./platform/Device/SiliconLabs/EFR32BG1B/Source/system_efr32bg1b.o
                0x000000000000cdc8                SystemInit
 .text.SystemLFRCOClockGet
                0x000000000000ce1c        0x8 ./platform/Device/SiliconLabs/EFR32BG1B/Source/system_efr32bg1b.o
                0x000000000000ce1c                SystemLFRCOClockGet
 .text.SystemULFRCOClockGet
                0x000000000000ce24        0x8 ./platform/Device/SiliconLabs/EFR32BG1B/Source/system_efr32bg1b.o
                0x000000000000ce24                SystemULFRCOClockGet
 .text.SystemLFXOClockGet
                0x000000000000ce2c        0xc ./platform/Device/SiliconLabs/EFR32BG1B/Source/system_efr32bg1b.o
                0x000000000000ce2c                SystemLFXOClockGet
 .text.updateInterrupts
                0x000000000000ce38       0xcc ./platform/emdrv/tempdrv/src/tempdrv.o
 .text.TEMPDRV_IRQHandler
                0x000000000000cf04       0x9c ./platform/emdrv/tempdrv/src/tempdrv.o
                0x000000000000cf04                TEMPDRV_IRQHandler
 .text.EMU_IRQHandler
                0x000000000000cfa0        0x4 ./platform/emdrv/tempdrv/src/tempdrv.o
                0x000000000000cfa0                EMU_IRQHandler
 .text.CMU_ClockEnable
                0x000000000000cfa4       0x94 ./platform/emlib/src/em_cmu.o
                0x000000000000cfa4                CMU_ClockEnable
 .text.CMU_ClockSelectGet
                0x000000000000d038       0xc4 ./platform/emlib/src/em_cmu.o
                0x000000000000d038                CMU_ClockSelectGet
 .text.lfClkGet
                0x000000000000d0fc       0x94 ./platform/emlib/src/em_cmu.o
 .text.CMU_ClockFreqGet
                0x000000000000d190      0x160 ./platform/emlib/src/em_cmu.o
                0x000000000000d190                CMU_ClockFreqGet
 .text.CORE_EnterCritical
                0x000000000000d2f0        0x8 ./platform/emlib/src/em_core.o
                0x000000000000d2f0                CORE_EnterCritical
 .text.CORE_ExitCritical
                0x000000000000d2f8        0x8 ./platform/emlib/src/em_core.o
                0x000000000000d2f8                CORE_ExitCritical
 .text.CORE_EnterAtomic
                0x000000000000d300        0x8 ./platform/emlib/src/em_core.o
                0x000000000000d300                CORE_EnterAtomic
 .text.CORE_ExitAtomic
                0x000000000000d308        0x4 ./platform/emlib/src/em_core.o
                0x000000000000d308                CORE_ExitAtomic
 .text.GPIO_PinModeSet
                0x000000000000d30c       0x94 ./platform/emlib/src/em_gpio.o
                0x000000000000d30c                GPIO_PinModeSet
 .text.SYSTEM_ChipRevisionGet
                0x000000000000d3a0       0x34 ./platform/emlib/src/em_system.o
                0x000000000000d3a0                SYSTEM_ChipRevisionGet
 .text.USART_BaudrateAsyncSet
                0x000000000000d3d4       0x68 ./platform/emlib/src/em_usart.o
                0x000000000000d3d4                USART_BaudrateAsyncSet
 .text.USART_InitAsync
                0x000000000000d43c       0xb4 ./platform/emlib/src/em_usart.o
                0x000000000000d43c                USART_InitAsync
 .text.USART_Rx
                0x000000000000d4f0        0xc ./platform/emlib/src/em_usart.o
                0x000000000000d4f0                USART_Rx
 .text.USART_Tx
                0x000000000000d4fc        0xc ./platform/emlib/src/em_usart.o
                0x000000000000d4fc                USART_Tx
 .text.eventDefault
                0x000000000000d508        0x2 /home/alex/GitHub/artik-firmata/platform/radio/rail_lib/autogen/librail_release/librail_efr32xg1_gcc_release.a(rail_rf_hal.o)
 *fill*         0x000000000000d50a        0x2 
 .text.setRssiPeriod
                0x000000000000d50c       0x18 /home/alex/GitHub/artik-firmata/platform/radio/rail_lib/autogen/librail_release/librail_efr32xg1_gcc_release.a(rail_rf_hal.o)
 .text.RFHAL_Idle
                0x000000000000d524       0x40 /home/alex/GitHub/artik-firmata/platform/radio/rail_lib/autogen/librail_release/librail_efr32xg1_gcc_release.a(rail_rf_hal.o)
                0x000000000000d524                RAILINT_3041ee68c2b41950b0bf839d27f5d049
 .text.RFHAL_GetRadioState
                0x000000000000d564       0x48 /home/alex/GitHub/artik-firmata/platform/radio/rail_lib/autogen/librail_release/librail_efr32xg1_gcc_release.a(rail_rf_hal.o)
                0x000000000000d564                RAILINT_f5d04763af9c9c69bca278c1fb1e9fea
 .text.RFHAL_SetupRxChannelHoppingHardware
                0x000000000000d5ac       0x1c /home/alex/GitHub/artik-firmata/platform/radio/rail_lib/autogen/librail_release/librail_efr32xg1_gcc_release.a(rail_rf_hal.o)
                0x000000000000d5ac                RAILINT_766a50f4d62b8145bfeba05efaf84c8b
 .text.RFHAL_RestoreChannelHopping
                0x000000000000d5c8       0x10 /home/alex/GitHub/artik-firmata/platform/radio/rail_lib/autogen/librail_release/librail_efr32xg1_gcc_release.a(rail_rf_hal.o)
                0x000000000000d5c8                RAILINT_f574fbf3edebbc56c3e8a776260299ad
 .text.RFHAL_RestoreTxPreambleLength
                0x000000000000d5d8       0x34 /home/alex/GitHub/artik-firmata/platform/radio/rail_lib/autogen/librail_release/librail_efr32xg1_gcc_release.a(rail_rf_hal.o)
                0x000000000000d5d8                RAILINT_fec111ae6546d8c16e58044c8f6d2b09
 *fill*         0x000000000000d60c        0x4 
 .text.GENERIC_PHY_EventCallback
                0x000000000000d610      0x1b8 /home/alex/GitHub/artik-firmata/platform/radio/rail_lib/autogen/librail_release/librail_efr32xg1_gcc_release.a(rail_rf_hal.o)
                0x000000000000d610                RAILINT_7d94510f515617be26a284cc8096bd57
 .text.RAILCore_Idle
                0x000000000000d7c8       0x14 /home/alex/GitHub/artik-firmata/platform/radio/rail_lib/autogen/librail_release/librail_efr32xg1_gcc_release.a(rail_rf.o)
                0x000000000000d7c8                RAILINT_c5804fbffcb4bb00ba2d55e8180afacd
 .text.RAILInt_PendCal
                0x000000000000d7dc       0x24 /home/alex/GitHub/artik-firmata/platform/radio/rail_lib/autogen/librail_release/librail_efr32xg1_gcc_release.a(rail_calibration.o)
                0x000000000000d7dc                RAILINT_3f0b6529856489702e1c986caf70e7aa
 .text.RAILCb_AssertFailed
                0x000000000000d800       0x14 /home/alex/GitHub/artik-firmata/platform/radio/rail_lib/autogen/librail_release/librail_efr32xg1_gcc_release.a(rail_assert.o)
                0x000000000000d800                RAILCb_AssertFailed
 .text.RAILInt_Assert
                0x000000000000d814       0x1c /home/alex/GitHub/artik-firmata/platform/radio/rail_lib/autogen/librail_release/librail_efr32xg1_gcc_release.a(rail_assert.o)
                0x000000000000d814                RAILINT_999bd22c50df2f99ce048cba68f11c3a
 .text.checkAndAddRxLenOverflowEntry.part.0
                0x000000000000d830       0x34 /home/alex/GitHub/artik-firmata/platform/radio/rail_lib/autogen/librail_release/librail_efr32xg1_gcc_release.a(rfhal_bufc.o)
 .text.BUFC_WriteBuffer
                0x000000000000d864       0xb0 /home/alex/GitHub/artik-firmata/platform/radio/rail_lib/autogen/librail_release/librail_efr32xg1_gcc_release.a(rfhal_bufc.o)
                0x000000000000d864                RAILINT_5a1f8c6c11575b3b85ca7be599aaafeb
 .text.BUFC_GetBytesAvailable
                0x000000000000d914       0x14 /home/alex/GitHub/artik-firmata/platform/radio/rail_lib/autogen/librail_release/librail_efr32xg1_gcc_release.a(rfhal_bufc.o)
                0x000000000000d914                RAILINT_87ca22770b2c0e007720e383f3143457
 .text.BUFC_TxAckBufferSet
                0x000000000000d928       0x2c /home/alex/GitHub/artik-firmata/platform/radio/rail_lib/autogen/librail_release/librail_efr32xg1_gcc_release.a(rfhal_bufc.o)
                0x000000000000d928                RAILINT_93e90587b91cd23310b71dbf4dabe4b2
 .text.BUFC_RxBufferReset
                0x000000000000d954       0x5c /home/alex/GitHub/artik-firmata/platform/radio/rail_lib/autogen/librail_release/librail_efr32xg1_gcc_release.a(rfhal_bufc.o)
                0x000000000000d954                RAILINT_ea701df21b15aeabbf4f1b9be517a6fb
 .text.BUFC_ReleaseRxPacket
                0x000000000000d9b0      0x118 /home/alex/GitHub/artik-firmata/platform/radio/rail_lib/autogen/librail_release/librail_efr32xg1_gcc_release.a(rfhal_bufc.o)
                0x000000000000d9b0                RAILINT_e5f98ee4df05ffeec0898fd3dfcac7ef
 .text.BUFC_StartRxLenThrEvent
                0x000000000000dac8       0x6c /home/alex/GitHub/artik-firmata/platform/radio/rail_lib/autogen/librail_release/librail_efr32xg1_gcc_release.a(rfhal_bufc.o)
                0x000000000000dac8                RAILINT_5028a6b9d4ee8edd2bfa4ed98465cea4
 .text.BUFC_EndRxLenThrEvent
                0x000000000000db34       0x1c /home/alex/GitHub/artik-firmata/platform/radio/rail_lib/autogen/librail_release/librail_efr32xg1_gcc_release.a(rfhal_bufc.o)
                0x000000000000db34                RAILINT_c2c512a3329b63216a276e6e941de4c7
 .text.BUFC_HandleRxLenOvfEvent
                0x000000000000db50       0x30 /home/alex/GitHub/artik-firmata/platform/radio/rail_lib/autogen/librail_release/librail_efr32xg1_gcc_release.a(rfhal_bufc.o)
                0x000000000000db50                RAILINT_317b2845ec8597b7fc18708aa55d49e9
 .text.PA_RunPeakDetectorHigh
                0x000000000000db80       0x40 /home/alex/GitHub/artik-firmata/platform/radio/rail_lib/autogen/librail_release/librail_efr32xg1_gcc_release.a(rfhal_pa.o)
                0x000000000000db80                RAILINT_204c67562ebd95621b58d539bdea400e
 .text.PA_RunPeakDetectorLow
                0x000000000000dbc0        0x2 /home/alex/GitHub/artik-firmata/platform/radio/rail_lib/autogen/librail_release/librail_efr32xg1_gcc_release.a(rfhal_pa.o)
                0x000000000000dbc0                RAILINT_04af9313654bef3ab5e8e115199470b6
 *fill*         0x000000000000dbc2        0x2 
 .text.PA_RunBatHigh
                0x000000000000dbc4       0x2c /home/alex/GitHub/artik-firmata/platform/radio/rail_lib/autogen/librail_release/librail_efr32xg1_gcc_release.a(rfhal_pa.o)
                0x000000000000dbc4                RAILINT_88c41a8a6f5616d99a71beb0476597f0
 .text.PROTIMER_CCTimerStop
                0x000000000000dbf0       0x20 /home/alex/GitHub/artik-firmata/platform/radio/rail_lib/autogen/librail_release/librail_efr32xg1_gcc_release.a(rfhal_protimer.o)
                0x000000000000dbf0                RAILINT_a02b12e9c2bb9c2eaabcbe30bdd2b3ab
 .text.PROTIMER_CCTimerIsEnabled
                0x000000000000dc10       0x10 /home/alex/GitHub/artik-firmata/platform/radio/rail_lib/autogen/librail_release/librail_efr32xg1_gcc_release.a(rfhal_protimer.o)
                0x000000000000dc10                RAILINT_d36178d195ebf16dc405b3d94462d8c7
 .text.PROTIMER_ClearRxEnable
                0x000000000000dc20       0x10 /home/alex/GitHub/artik-firmata/platform/radio/rail_lib/autogen/librail_release/librail_efr32xg1_gcc_release.a(rfhal_protimer.o)
                0x000000000000dc20                RAILINT_e179e0cd81ce6f553eab65f76ba8995f
 .text.PROTIMER_LBTStop
                0x000000000000dc30       0x18 /home/alex/GitHub/artik-firmata/platform/radio/rail_lib/autogen/librail_release/librail_efr32xg1_gcc_release.a(rfhal_protimer.o)
                0x000000000000dc30                RAILINT_29c9defa35830e42db517a1c47cc114e
 .text.PROTIMER_PrecntOverflowToUs
                0x000000000000dc48       0x24 /home/alex/GitHub/artik-firmata/platform/radio/rail_lib/autogen/librail_release/librail_efr32xg1_gcc_release.a(rfhal_protimer.o)
                0x000000000000dc48                RAILINT_1dfb7146b6c340088be45e5b808844a9
 .text.PROTIMER_GetUsTime
                0x000000000000dc6c        0xc /home/alex/GitHub/artik-firmata/platform/radio/rail_lib/autogen/librail_release/librail_efr32xg1_gcc_release.a(rfhal_protimer.o)
                0x000000000000dc6c                RAILINT_c5c43894280e7e5d092359ee0e4a3bcb
 .text.PROTIMER_DelayUs
                0x000000000000dc78       0x16 /home/alex/GitHub/artik-firmata/platform/radio/rail_lib/autogen/librail_release/librail_efr32xg1_gcc_release.a(rfhal_protimer.o)
                0x000000000000dc78                RAILINT_a3bef6a1689acfc8f4c844439ceb733c
 *fill*         0x000000000000dc8e        0x2 
 .text.PROTIMER_CheckCcaReallyFailed
                0x000000000000dc90       0xbc /home/alex/GitHub/artik-firmata/platform/radio/rail_lib/autogen/librail_release/librail_efr32xg1_gcc_release.a(rfhal_protimer.o)
                0x000000000000dc90                RAILINT_6d18a45e267fa35e89a132429cb09fd9
 .text.PTI_AuxdataOutput
                0x000000000000dd4c       0x1c /home/alex/GitHub/artik-firmata/platform/radio/rail_lib/autogen/librail_release/librail_efr32xg1_gcc_release.a(rfhal_pti.o)
                0x000000000000dd4c                PTI_AuxdataOutput
 .text.RADIO_IsRxOnForRssi
                0x000000000000dd68       0x18 /home/alex/GitHub/artik-firmata/platform/radio/rail_lib/autogen/librail_release/librail_efr32xg1_gcc_release.a(rfhal_radio.o)
                0x000000000000dd68                RAILINT_583160a38ded29811f0bca4a5d912643
 .text.RADIO_GetRssi
                0x000000000000dd80       0x64 /home/alex/GitHub/artik-firmata/platform/radio/rail_lib/autogen/librail_release/librail_efr32xg1_gcc_release.a(rfhal_radio.o)
                0x000000000000dd80                RAILINT_49c1638648869baaf18ca93f541e7dd3
 .text.RADIO_RACClearRxOverflow
                0x000000000000dde4       0x20 /home/alex/GitHub/artik-firmata/platform/radio/rail_lib/autogen/librail_release/librail_efr32xg1_gcc_release.a(rfhal_radio.o)
                0x000000000000dde4                RAILINT_605c1fc53b3451e02b7f8f4f454ba0ca
 .text.RFSENSE_IRQHandler
                0x000000000000de04       0x10 /home/alex/GitHub/artik-firmata/platform/radio/rail_lib/autogen/librail_release/librail_efr32xg1_gcc_release.a(rfhal_rfsense.o)
                0x000000000000de04                RFSENSE_IRQHandler
 .text.SYNTH_Is2p4GHz
                0x000000000000de14       0x14 /home/alex/GitHub/artik-firmata/platform/radio/rail_lib/autogen/librail_release/librail_efr32xg1_gcc_release.a(rfhal_synth.o)
                0x000000000000de14                RAILINT_a251f7a856caa576ae8912471cc9f388
 .text.RADIO_RACStateGet
                0x000000000000de28       0x10 /home/alex/GitHub/artik-firmata/platform/radio/rail_lib/autogen/librail_release/librail_efr32xg1_gcc_release.a(generic_phy.o)
 .text.GENERIC_PHY_EnableDisableInt
                0x000000000000de38       0x22 /home/alex/GitHub/artik-firmata/platform/radio/rail_lib/autogen/librail_release/librail_efr32xg1_gcc_release.a(generic_phy.o)
 *fill*         0x000000000000de5a        0x2 
 .text.GENERIC_PHY_ConfigureRollbackReporting
                0x000000000000de5c       0x68 /home/alex/GitHub/artik-firmata/platform/radio/rail_lib/autogen/librail_release/librail_efr32xg1_gcc_release.a(generic_phy.o)
 .text.GENERIC_PHY_ClearPendedRxWindowEnd
                0x000000000000dec4       0x1c /home/alex/GitHub/artik-firmata/platform/radio/rail_lib/autogen/librail_release/librail_efr32xg1_gcc_release.a(generic_phy.o)
 .text.RADIO_RACRxAbort
                0x000000000000dee0       0x38 /home/alex/GitHub/artik-firmata/platform/radio/rail_lib/autogen/librail_release/librail_efr32xg1_gcc_release.a(generic_phy.o)
 .text.GENERIC_PHY_DisableRadioIrqs
                0x000000000000df18       0x98 /home/alex/GitHub/artik-firmata/platform/radio/rail_lib/autogen/librail_release/librail_efr32xg1_gcc_release.a(generic_phy.o)
 .text.GENERIC_PHY_CheckPendedRxWindowEnd
                0x000000000000dfb0       0x44 /home/alex/GitHub/artik-firmata/platform/radio/rail_lib/autogen/librail_release/librail_efr32xg1_gcc_release.a(generic_phy.o)
 .text.GENERIC_PHY_ConfigureEvents
                0x000000000000dff4      0x2b8 /home/alex/GitHub/artik-firmata/platform/radio/rail_lib/autogen/librail_release/librail_efr32xg1_gcc_release.a(generic_phy.o)
                0x000000000000dff4                RAILINT_549ae7c6edbff50f2340752aad688b72
 .text.GENERIC_PHY_SeqAtomicLock
                0x000000000000e2ac       0x34 /home/alex/GitHub/artik-firmata/platform/radio/rail_lib/autogen/librail_release/librail_efr32xg1_gcc_release.a(generic_phy.o)
                0x000000000000e2ac                RAILINT_9abb371cecd1acb6f4540a93e27c2b42
 .text.GENERIC_PHY_ResetRxFifo
                0x000000000000e2e0       0x30 /home/alex/GitHub/artik-firmata/platform/radio/rail_lib/autogen/librail_release/librail_efr32xg1_gcc_release.a(generic_phy.o)
                0x000000000000e2e0                RAILINT_26621d98bc1a2dc74b7093edea89d850
 .text.GENERIC_PHY_RadioIdle
                0x000000000000e310      0x180 /home/alex/GitHub/artik-firmata/platform/radio/rail_lib/autogen/librail_release/librail_efr32xg1_gcc_release.a(generic_phy.o)
                0x000000000000e310                RAILINT_232b67d119ad2a1a23589ef6ecfa72b8
 .text.FRC_IRQHandler
                0x000000000000e490      0x478 /home/alex/GitHub/artik-firmata/platform/radio/rail_lib/autogen/librail_release/librail_efr32xg1_gcc_release.a(generic_phy.o)
                0x000000000000e490                FRC_IRQHandler
 .text.FRC_PRI_IRQHandler
                0x000000000000e908        0x4 /home/alex/GitHub/artik-firmata/platform/radio/rail_lib/autogen/librail_release/librail_efr32xg1_gcc_release.a(generic_phy.o)
                0x000000000000e908                FRC_PRI_IRQHandler
 .text.BUFC_IRQHandler
                0x000000000000e90c        0x4 /home/alex/GitHub/artik-firmata/platform/radio/rail_lib/autogen/librail_release/librail_efr32xg1_gcc_release.a(generic_phy.o)
                0x000000000000e90c                BUFC_IRQHandler
 .text.PROTIMER_IRQHandler
                0x000000000000e910        0x4 /home/alex/GitHub/artik-firmata/platform/radio/rail_lib/autogen/librail_release/librail_efr32xg1_gcc_release.a(generic_phy.o)
                0x000000000000e910                PROTIMER_IRQHandler
 .text.RAC_SEQ_IRQHandler
                0x000000000000e914        0x4 /home/alex/GitHub/artik-firmata/platform/radio/rail_lib/autogen/librail_release/librail_efr32xg1_gcc_release.a(generic_phy.o)
                0x000000000000e914                RAC_SEQ_IRQHandler
 .text.RAILCb_RadioStateChanged
                0x000000000000e918       0x14 /home/alex/GitHub/artik-firmata/platform/radio/rail_lib/autogen/librail_release/librail_efr32xg1_gcc_release.a(generic_phy.o)
                0x000000000000e918                RAILCb_RadioStateChanged
 .text.RAC_RSM_IRQHandler
                0x000000000000e92c       0x48 /home/alex/GitHub/artik-firmata/platform/radio/rail_lib/autogen/librail_release/librail_efr32xg1_gcc_release.a(generic_phy.o)
                0x000000000000e92c                RAC_RSM_IRQHandler
 .text.MODEM_IRQHandler
                0x000000000000e974        0x4 /home/alex/GitHub/artik-firmata/platform/radio/rail_lib/autogen/librail_release/librail_efr32xg1_gcc_release.a(generic_phy.o)
                0x000000000000e974                MODEM_IRQHandler
 .text.AGC_IRQHandler
                0x000000000000e978       0x40 /home/alex/GitHub/artik-firmata/platform/radio/rail_lib/autogen/librail_release/librail_efr32xg1_gcc_release.a(generic_phy.o)
                0x000000000000e978                AGC_IRQHandler
 .text.SYNTH_IRQHandler
                0x000000000000e9b8       0x10 /home/alex/GitHub/artik-firmata/platform/radio/rail_lib/autogen/librail_release/librail_efr32xg1_gcc_release.a(generic_phy.o)
                0x000000000000e9b8                SYNTH_IRQHandler
 .text.GENERIC_PHY_SetFeatures
                0x000000000000e9c8       0x24 /home/alex/GitHub/artik-firmata/platform/radio/rail_lib/autogen/librail_release/librail_efr32xg1_gcc_release.a(generic_phy.o)
                0x000000000000e9c8                RAILINT_1446b673acaddfc4b02974cda9fee981
 .text.exit     0x000000000000e9ec       0x28 /home/alex/Downloads/SimplicityStudio_v4/developer/toolchains/gnu_arm/7.2_2017q4/bin/../lib/gcc/arm-none-eabi/7.2.1/../../../../arm-none-eabi/lib/thumb/v7e-m/fpv4-sp/softfp/libc_nano.a(lib_a-exit.o)
                0x000000000000e9ec                exit
 .text.__libc_init_array
                0x000000000000ea14       0x48 /home/alex/Downloads/SimplicityStudio_v4/developer/toolchains/gnu_arm/7.2_2017q4/bin/../lib/gcc/arm-none-eabi/7.2.1/../../../../arm-none-eabi/lib/thumb/v7e-m/fpv4-sp/softfp/libc_nano.a(lib_a-init.o)
                0x000000000000ea14                __libc_init_array
 .text.memcpy   0x000000000000ea5c       0x16 /home/alex/Downloads/SimplicityStudio_v4/developer/toolchains/gnu_arm/7.2_2017q4/bin/../lib/gcc/arm-none-eabi/7.2.1/../../../../arm-none-eabi/lib/thumb/v7e-m/fpv4-sp/softfp/libc_nano.a(lib_a-memcpy-stub.o)
                0x000000000000ea5c                memcpy
 .text.memset   0x000000000000ea72       0x10 /home/alex/Downloads/SimplicityStudio_v4/developer/toolchains/gnu_arm/7.2_2017q4/bin/../lib/gcc/arm-none-eabi/7.2.1/../../../../arm-none-eabi/lib/thumb/v7e-m/fpv4-sp/softfp/libc_nano.a(lib_a-memset.o)
                0x000000000000ea72                memset
 *fill*         0x000000000000ea82        0x2 
 .text._exit    0x000000000000ea84        0x4 /home/alex/Downloads/SimplicityStudio_v4/developer/toolchains/gnu_arm/7.2_2017q4/bin/../lib/gcc/arm-none-eabi/7.2.1/../../../../arm-none-eabi/lib/thumb/v7e-m/fpv4-sp/softfp/libnosys.a(_exit.o)
                0x000000000000ea84                _exit
 *(.init)
 .init          0x000000000000ea88        0x4 /home/alex/Downloads/SimplicityStudio_v4/developer/toolchains/gnu_arm/7.2_2017q4/bin/../lib/gcc/arm-none-eabi/7.2.1/thumb/v7e-m/fpv4-sp/softfp/crti.o
                0x000000000000ea88                _init
 .init          0x000000000000ea8c        0x8 /home/alex/Downloads/SimplicityStudio_v4/developer/toolchains/gnu_arm/7.2_2017q4/bin/../lib/gcc/arm-none-eabi/7.2.1/thumb/v7e-m/fpv4-sp/softfp/crtn.o
 *(.fini)
 .fini          0x000000000000ea94        0x4 /home/alex/Downloads/SimplicityStudio_v4/developer/toolchains/gnu_arm/7.2_2017q4/bin/../lib/gcc/arm-none-eabi/7.2.1/thumb/v7e-m/fpv4-sp/softfp/crti.o
                0x000000000000ea94                _fini
 .fini          0x000000000000ea98        0x8 /home/alex/Downloads/SimplicityStudio_v4/developer/toolchains/gnu_arm/7.2_2017q4/bin/../lib/gcc/arm-none-eabi/7.2.1/thumb/v7e-m/fpv4-sp/softfp/crtn.o
 *crtbegin.o(.ctors)
 *crtbegin?.o(.ctors)
 *(EXCLUDE_FILE(*crtend.o *crtend?.o) .ctors)
 *(SORT_BY_NAME(.ctors.*))
 *(.ctors)
 *crtbegin.o(.dtors)
 *crtbegin?.o(.dtors)
 *(EXCLUDE_FILE(*crtend.o *crtend?.o) .dtors)
 *(SORT_BY_NAME(.dtors.*))
 *(.dtors)
 *(.rodata*)
 .rodata        0x000000000000eaa0       0x1c ./main.o
 .rodata.main.str1.4
                0x000000000000eabc       0x24 ./main.o
                                         0x22 (size before relaxing)
 .rodata.CSWTCH.46
                0x000000000000eae0        0x3 ./platform/emlib/src/em_cmu.o
 *fill*         0x000000000000eae3        0x1 
 .rodata.CSWTCH.47
                0x000000000000eae4        0x4 ./platform/emlib/src/em_cmu.o
 .rodata.CSWTCH.48
                0x000000000000eae8        0x4 ./platform/emlib/src/em_cmu.o
 .rodata.mapFlagsSubsetToPacketStatus
                0x000000000000eaec       0x20 /home/alex/GitHub/artik-firmata/platform/radio/rail_lib/autogen/librail_release/librail_efr32xg1_gcc_release.a(rfhal_bufc.o)
 .rodata._global_impure_ptr
                0x000000000000eb0c        0x4 /home/alex/Downloads/SimplicityStudio_v4/developer/toolchains/gnu_arm/7.2_2017q4/bin/../lib/gcc/arm-none-eabi/7.2.1/../../../../arm-none-eabi/lib/thumb/v7e-m/fpv4-sp/softfp/libc_nano.a(lib_a-impure.o)
                0x000000000000eb0c                _global_impure_ptr
 *(.eh_frame*)
 .eh_frame      0x000000000000eb10        0x0 /home/alex/Downloads/SimplicityStudio_v4/developer/toolchains/gnu_arm/7.2_2017q4/bin/../lib/gcc/arm-none-eabi/7.2.1/thumb/v7e-m/fpv4-sp/softfp/crtbegin.o
 .eh_frame      0x000000000000eb10        0x4 /home/alex/Downloads/SimplicityStudio_v4/developer/toolchains/gnu_arm/7.2_2017q4/bin/../lib/gcc/arm-none-eabi/7.2.1/thumb/v7e-m/fpv4-sp/softfp/crtend.o
                0x000000000000eb14                . = ALIGN (0x4)

.glue_7         0x000000000000eb14        0x0
 .glue_7        0x000000000000eb14        0x0 linker stubs

.glue_7t        0x000000000000eb14        0x0
 .glue_7t       0x000000000000eb14        0x0 linker stubs

.vfp11_veneer   0x000000000000eb14        0x0
 .vfp11_veneer  0x000000000000eb14        0x0 linker stubs

.v4_bx          0x000000000000eb14        0x0
 .v4_bx         0x000000000000eb14        0x0 linker stubs

.iplt           0x000000000000eb14        0x0
 .iplt          0x000000000000eb14        0x0 /home/alex/Downloads/SimplicityStudio_v4/developer/toolchains/gnu_arm/7.2_2017q4/bin/../lib/gcc/arm-none-eabi/7.2.1/thumb/v7e-m/fpv4-sp/softfp/crtbegin.o

.igot.plt       0x000000000000eb14        0x0
 .igot.plt      0x000000000000eb14        0x0 /home/alex/Downloads/SimplicityStudio_v4/developer/toolchains/gnu_arm/7.2_2017q4/bin/../lib/gcc/arm-none-eabi/7.2.1/thumb/v7e-m/fpv4-sp/softfp/crtbegin.o

.text_application_ARM.extab
 *(.ARM.extab* .gnu.linkonce.armextab.*)
                0x000000000000eb14                __exidx_start = .

.text_application_ARM.exidx
                0x000000000000eb14        0x8
 *(.ARM.exidx* .gnu.linkonce.armexidx.*)
 .ARM.exidx     0x000000000000eb14        0x8 /home/alex/Downloads/SimplicityStudio_v4/developer/toolchains/gnu_arm/7.2_2017q4/bin/../lib/gcc/arm-none-eabi/7.2.1/../../../../arm-none-eabi/lib/thumb/v7e-m/fpv4-sp/softfp/crt0.o
                0x000000000000eb1c                __exidx_end = .
                0x000000000000eb1c                __etext = .

.rel.dyn        0x000000000000eb1c        0x0
 .rel.iplt      0x000000000000eb1c        0x0 /home/alex/Downloads/SimplicityStudio_v4/developer/toolchains/gnu_arm/7.2_2017q4/bin/../lib/gcc/arm-none-eabi/7.2.1/thumb/v7e-m/fpv4-sp/softfp/crtbegin.o

.stack_dummy    0x0000000020000000      0x800
 *(.stack*)
 .stack         0x0000000020000000      0x800 ./platform/Device/SiliconLabs/EFR32BG1B/Source/GCC/startup_efr32bg1b.o
                0x0000000020000800                __StackTop = (ORIGIN (RAM) + SIZEOF (.stack_dummy))
                0x0000000020000000                __StackLimit = ORIGIN (RAM)
                0x0000000020000800                PROVIDE (__stack, __StackTop)

.text_application_data
                0x0000000020000800       0xa0 load address 0x000000000000eb1c
                0x0000000020000800                __data_start__ = .
 *(vtable)
 *(.data*)
 .data.bg_gattdb_data_attribute_field_6_data
                0x0000000020000800        0xd ./gatt_db.o
                0x0000000020000800                bg_gattdb_data_attribute_field_6_data
 *fill*         0x000000002000080d        0x3 
 .data.SystemCoreClock
                0x0000000020000810        0x4 ./platform/Device/SiliconLabs/EFR32BG1B/Source/system_efr32bg1b.o
                0x0000000020000810                SystemCoreClock
 .data.SystemHFXOClock
                0x0000000020000814        0x4 ./platform/Device/SiliconLabs/EFR32BG1B/Source/system_efr32bg1b.o
 .data.SystemHfrcoFreq
                0x0000000020000818        0x4 ./platform/Device/SiliconLabs/EFR32BG1B/Source/system_efr32bg1b.o
                0x0000000020000818                SystemHfrcoFreq
 .data.SystemLFXOClock
                0x000000002000081c        0x4 ./platform/Device/SiliconLabs/EFR32BG1B/Source/system_efr32bg1b.o
 .data.auxHfrcoFreq
                0x0000000020000820        0x4 ./platform/emlib/src/em_cmu.o
 .data.eventCb  0x0000000020000824        0x4 /home/alex/GitHub/artik-firmata/platform/radio/rail_lib/autogen/librail_release/librail_efr32xg1_gcc_release.a(rail_rf_hal.o)
 .data.lastTxAckPacketTimeTicks
                0x0000000020000828        0x4 /home/alex/GitHub/artik-firmata/platform/radio/rail_lib/autogen/librail_release/librail_efr32xg1_gcc_release.a(rail_rf_hal.o)
 .data.lastTxPacketTimeTicks
                0x000000002000082c        0x4 /home/alex/GitHub/artik-firmata/platform/radio/rail_lib/autogen/librail_release/librail_efr32xg1_gcc_release.a(rail_rf_hal.o)
 .data.errorCodeEncountered
                0x0000000020000830        0x4 /home/alex/GitHub/artik-firmata/platform/radio/rail_lib/autogen/librail_release/librail_efr32xg1_gcc_release.a(rail_assert.o)
 .data.errorRailHandle
                0x0000000020000834        0x4 /home/alex/GitHub/artik-firmata/platform/radio/rail_lib/autogen/librail_release/librail_efr32xg1_gcc_release.a(rail_assert.o)
 .data.impure_data
                0x0000000020000838       0x60 /home/alex/Downloads/SimplicityStudio_v4/developer/toolchains/gnu_arm/7.2_2017q4/bin/../lib/gcc/arm-none-eabi/7.2.1/../../../../arm-none-eabi/lib/thumb/v7e-m/fpv4-sp/softfp/libc_nano.a(lib_a-impure.o)
                0x0000000020000898                . = ALIGN (0x4)
 *(.ram)
                0x0000000020000898                . = ALIGN (0x4)
                0x0000000020000898                PROVIDE (__preinit_array_start, .)
 *(.preinit_array)
                0x0000000020000898                PROVIDE (__preinit_array_end, .)
                0x0000000020000898                . = ALIGN (0x4)
                0x0000000020000898                PROVIDE (__init_array_start, .)
 *(SORT_BY_NAME(.init_array.*))
 *(.init_array)
 .init_array    0x0000000020000898        0x4 /home/alex/Downloads/SimplicityStudio_v4/developer/toolchains/gnu_arm/7.2_2017q4/bin/../lib/gcc/arm-none-eabi/7.2.1/thumb/v7e-m/fpv4-sp/softfp/crtbegin.o
                0x000000002000089c                PROVIDE (__init_array_end, .)
                0x000000002000089c                . = ALIGN (0x4)
                [!provide]                        PROVIDE (__fini_array_start, .)
 *(SORT_BY_NAME(.fini_array.*))
 *(.fini_array)
 .fini_array    0x000000002000089c        0x4 /home/alex/Downloads/SimplicityStudio_v4/developer/toolchains/gnu_arm/7.2_2017q4/bin/../lib/gcc/arm-none-eabi/7.2.1/thumb/v7e-m/fpv4-sp/softfp/crtbegin.o
                [!provide]                        PROVIDE (__fini_array_end, .)
 *(.jcr*)
                0x00000000200008a0                . = ALIGN (0x4)
                0x00000000200008a0                __data_end__ = .

.bss            0x00000000200008a0      0x214 load address 0x000000000000ebc0
                0x00000000200008a0                . = ALIGN (0x4)
                0x00000000200008a0                __bss_start__ = .
 *(.bss*)
 .bss           0x00000000200008a0       0x1c /home/alex/Downloads/SimplicityStudio_v4/developer/toolchains/gnu_arm/7.2_2017q4/bin/../lib/gcc/arm-none-eabi/7.2.1/thumb/v7e-m/fpv4-sp/softfp/crtbegin.o
 .bss.bg_gattdb_data_attribute_field_2_data
                0x00000000200008bc        0x4 ./gatt_db.o
                0x00000000200008bc                bg_gattdb_data_attribute_field_2_data
 .bss.calibrationTEMP
                0x00000000200008c0        0x4 ./platform/emdrv/tempdrv/src/tempdrv.o
 .bss.highCallback
                0x00000000200008c4        0x4 ./platform/emdrv/tempdrv/src/tempdrv.o
 .bss.lowCallback
                0x00000000200008c8        0x4 ./platform/emdrv/tempdrv/src/tempdrv.o
 .bss.tempdrvHighCallbacks
                0x00000000200008cc       0x30 ./platform/emdrv/tempdrv/src/tempdrv.o
 .bss.tempdrvLowCallbacks
                0x00000000200008fc       0x30 ./platform/emdrv/tempdrv/src/tempdrv.o
 .bss.cachedPacketHandle
                0x000000002000092c        0x4 /home/alex/GitHub/artik-firmata/platform/radio/rail_lib/autogen/librail_release/librail_efr32xg1_gcc_release.a(rail_rf_hal.o)
 .bss.saveRssiPeriod
                0x0000000020000930        0x4 /home/alex/GitHub/artik-firmata/platform/radio/rail_lib/autogen/librail_release/librail_efr32xg1_gcc_release.a(rail_rf_hal.o)
 .bss.saveRssiPeriodPreCca
                0x0000000020000934        0x4 /home/alex/GitHub/artik-firmata/platform/radio/rail_lib/autogen/librail_release/librail_efr32xg1_gcc_release.a(rail_rf_hal.o)
 .bss.savedTxPreambleCycles
                0x0000000020000938        0x2 /home/alex/GitHub/artik-firmata/platform/radio/rail_lib/autogen/librail_release/librail_efr32xg1_gcc_release.a(rail_rf_hal.o)
 .bss.timerExpired
                0x000000002000093a        0x1 /home/alex/GitHub/artik-firmata/platform/radio/rail_lib/autogen/librail_release/librail_efr32xg1_gcc_release.a(rail_rf_hal.o)
 *fill*         0x000000002000093b        0x1 
 .bss.timerExpiredCb
                0x000000002000093c        0x4 /home/alex/GitHub/artik-firmata/platform/radio/rail_lib/autogen/librail_release/librail_efr32xg1_gcc_release.a(rail_rf_hal.o)
 .bss.timerExpiredCbArg
                0x0000000020000940        0x4 /home/alex/GitHub/artik-firmata/platform/radio/rail_lib/autogen/librail_release/librail_efr32xg1_gcc_release.a(rail_rf_hal.o)
 .bss.RAIL_ActiveHandle
                0x0000000020000944        0x4 /home/alex/GitHub/artik-firmata/platform/radio/rail_lib/autogen/librail_release/librail_efr32xg1_gcc_release.a(rail_singleprotocol.o)
                0x0000000020000944                RAIL_ActiveHandle
 .bss.BUFC_RxLenBufferAligned
                0x0000000020000948       0x80 /home/alex/GitHub/artik-firmata/platform/radio/rail_lib/autogen/librail_release/librail_efr32xg1_gcc_release.a(rfhal_bufc.o)
 .bss.BUFC_RxLenBufferReadOffset
                0x00000000200009c8        0x2 /home/alex/GitHub/artik-firmata/platform/radio/rail_lib/autogen/librail_release/librail_efr32xg1_gcc_release.a(rfhal_bufc.o)
 .bss.BUFC_RxLenBufferThreshold
                0x00000000200009ca        0x2 /home/alex/GitHub/artik-firmata/platform/radio/rail_lib/autogen/librail_release/librail_efr32xg1_gcc_release.a(rfhal_bufc.o)
 .bss.callbackRxLenEntry
                0x00000000200009cc        0x4 /home/alex/GitHub/artik-firmata/platform/radio/rail_lib/autogen/librail_release/librail_efr32xg1_gcc_release.a(rfhal_bufc.o)
 .bss.protocolRxOverflowHook
                0x00000000200009d0        0x4 /home/alex/GitHub/artik-firmata/platform/radio/rail_lib/autogen/librail_release/librail_efr32xg1_gcc_release.a(rfhal_bufc.o)
 .bss.precntRatioFrac
                0x00000000200009d4        0x4 /home/alex/GitHub/artik-firmata/platform/radio/rail_lib/autogen/librail_release/librail_efr32xg1_gcc_release.a(rfhal_protimer.o)
 .bss.precntRatioInt
                0x00000000200009d8        0x4 /home/alex/GitHub/artik-firmata/platform/radio/rail_lib/autogen/librail_release/librail_efr32xg1_gcc_release.a(rfhal_protimer.o)
 .bss.RFSENSE_Handler
                0x00000000200009dc        0x4 /home/alex/GitHub/artik-firmata/platform/radio/rail_lib/autogen/librail_release/librail_efr32xg1_gcc_release.a(rfhal_rfsense.o)
 .bss.enabledPhyEvents
                0x00000000200009e0        0x4 /home/alex/GitHub/artik-firmata/platform/radio/rail_lib/autogen/librail_release/librail_efr32xg1_gcc_release.a(generic_phy.o)
 *fill*         0x00000000200009e4        0x4 
 .bss.enabledRailEvents
                0x00000000200009e8        0x8 /home/alex/GitHub/artik-firmata/platform/radio/rail_lib/autogen/librail_release/librail_efr32xg1_gcc_release.a(generic_phy.o)
 .bss.inCallback
                0x00000000200009f0        0x1 /home/alex/GitHub/artik-firmata/platform/radio/rail_lib/autogen/librail_release/librail_efr32xg1_gcc_release.a(generic_phy.o)
 .bss.overrideRxRollback
                0x00000000200009f1        0x1 /home/alex/GitHub/artik-firmata/platform/radio/rail_lib/autogen/librail_release/librail_efr32xg1_gcc_release.a(generic_phy.o)
 .bss.pendedRxWindowEnd
                0x00000000200009f2        0x1 /home/alex/GitHub/artik-firmata/platform/radio/rail_lib/autogen/librail_release/librail_efr32xg1_gcc_release.a(generic_phy.o)
 .bss.scheduledRxHardEnd
                0x00000000200009f3        0x1 /home/alex/GitHub/artik-firmata/platform/radio/rail_lib/autogen/librail_release/librail_efr32xg1_gcc_release.a(generic_phy.o)
 .bss.scheduledRxLoop
                0x00000000200009f4        0x1 /home/alex/GitHub/artik-firmata/platform/radio/rail_lib/autogen/librail_release/librail_efr32xg1_gcc_release.a(generic_phy.o)
 *(COMMON)
 *fill*         0x00000000200009f5        0x3 
 COMMON         0x00000000200009f8       0x50 ./main.o
                0x00000000200009f8                buffer
 COMMON         0x0000000020000a48       0x6c /home/alex/GitHub/artik-firmata/platform/radio/rail_lib/autogen/librail_release/librail_efr32xg1_gcc_release.a(generic_phy.o)
                0x0000000020000a48                RAILINT_fb4e04d6269eaea2a9836c699f5753af
                0x0000000020000ab4                . = ALIGN (0x4)
                0x0000000020000ab4                __bss_end__ = .

.heap           0x0000000020000ab8      0xd00
                0x0000000020000ab8                __HeapBase = .
                0x0000000020000ab8                __end__ = .
                0x0000000020000ab8                end = __end__
                0x0000000020000ab8                _end = __end__
 *(.heap*)
 .heap          0x0000000020000ab8      0xd00 ./platform/Device/SiliconLabs/EFR32BG1B/Source/GCC/startup_efr32bg1b.o
                0x00000000200017b8                __HeapLimit = .

.nvm_dummy      0x000000000000eb1c        0x0
 *(.simee)
                0x000000000003f000                __nvm3Base = ((ORIGIN (FLASH) + LENGTH (FLASH)) - SIZEOF (.nvm_dummy))
OUTPUT(artik-firmata.axf elf32-littlearm)

.ARM.attributes
                0x0000000000000000       0x2e
 .ARM.attributes
                0x0000000000000000       0x22 /home/alex/Downloads/SimplicityStudio_v4/developer/toolchains/gnu_arm/7.2_2017q4/bin/../lib/gcc/arm-none-eabi/7.2.1/thumb/v7e-m/fpv4-sp/softfp/crti.o
 .ARM.attributes
                0x0000000000000022       0x32 /home/alex/Downloads/SimplicityStudio_v4/developer/toolchains/gnu_arm/7.2_2017q4/bin/../lib/gcc/arm-none-eabi/7.2.1/thumb/v7e-m/fpv4-sp/softfp/crtbegin.o
 .ARM.attributes
                0x0000000000000054       0x20 /home/alex/Downloads/SimplicityStudio_v4/developer/toolchains/gnu_arm/7.2_2017q4/bin/../lib/gcc/arm-none-eabi/7.2.1/../../../../arm-none-eabi/lib/thumb/v7e-m/fpv4-sp/softfp/crt0.o
 .ARM.attributes
                0x0000000000000074       0x37 ./application_properties.o
 .ARM.attributes
                0x00000000000000ab       0x37 ./gatt_db.o
 .ARM.attributes
                0x00000000000000e2       0x37 ./main.o
 .ARM.attributes
                0x0000000000000119       0x37 ./platform/Device/SiliconLabs/EFR32BG1B/Source/GCC/startup_efr32bg1b.o
 .ARM.attributes
                0x0000000000000150       0x37 ./platform/Device/SiliconLabs/EFR32BG1B/Source/system_efr32bg1b.o
 .ARM.attributes
                0x0000000000000187       0x37 ./platform/emdrv/tempdrv/src/tempdrv.o
 .ARM.attributes
                0x00000000000001be       0x37 ./platform/emlib/src/em_cmu.o
 .ARM.attributes
                0x00000000000001f5       0x37 ./platform/emlib/src/em_core.o
 .ARM.attributes
                0x000000000000022c       0x37 ./platform/emlib/src/em_gpio.o
 .ARM.attributes
                0x0000000000000263       0x37 ./platform/emlib/src/em_system.o
 .ARM.attributes
                0x000000000000029a       0x37 ./platform/emlib/src/em_usart.o
 .ARM.attributes
                0x00000000000002d1       0x1c /home/alex/GitHub/artik-firmata/protocol/bluetooth/lib/EFR32BG1B/GCC/binapploader.o
 .ARM.attributes
                0x00000000000002ed       0x37 /home/alex/GitHub/artik-firmata/platform/radio/rail_lib/autogen/librail_release/librail_efr32xg1_gcc_release.a(rail_rf_hal.o)
 .ARM.attributes
                0x0000000000000324       0x37 /home/alex/GitHub/artik-firmata/platform/radio/rail_lib/autogen/librail_release/librail_efr32xg1_gcc_release.a(rail_singleprotocol.o)
 .ARM.attributes
                0x000000000000035b       0x37 /home/alex/GitHub/artik-firmata/platform/radio/rail_lib/autogen/librail_release/librail_efr32xg1_gcc_release.a(rail_rf.o)
 .ARM.attributes
                0x0000000000000392       0x37 /home/alex/GitHub/artik-firmata/platform/radio/rail_lib/autogen/librail_release/librail_efr32xg1_gcc_release.a(rail_calibration.o)
 .ARM.attributes
                0x00000000000003c9       0x37 /home/alex/GitHub/artik-firmata/platform/radio/rail_lib/autogen/librail_release/librail_efr32xg1_gcc_release.a(rail_assert.o)
 .ARM.attributes
                0x0000000000000400       0x37 /home/alex/GitHub/artik-firmata/platform/radio/rail_lib/autogen/librail_release/librail_efr32xg1_gcc_release.a(rfhal_bufc.o)
 .ARM.attributes
                0x0000000000000437       0x37 /home/alex/GitHub/artik-firmata/platform/radio/rail_lib/autogen/librail_release/librail_efr32xg1_gcc_release.a(rfhal_pa.o)
 .ARM.attributes
                0x000000000000046e       0x37 /home/alex/GitHub/artik-firmata/platform/radio/rail_lib/autogen/librail_release/librail_efr32xg1_gcc_release.a(rfhal_protimer.o)
 .ARM.attributes
                0x00000000000004a5       0x37 /home/alex/GitHub/artik-firmata/platform/radio/rail_lib/autogen/librail_release/librail_efr32xg1_gcc_release.a(rfhal_pti.o)
 .ARM.attributes
                0x00000000000004dc       0x37 /home/alex/GitHub/artik-firmata/platform/radio/rail_lib/autogen/librail_release/librail_efr32xg1_gcc_release.a(rfhal_radio.o)
 .ARM.attributes
                0x0000000000000513       0x37 /home/alex/GitHub/artik-firmata/platform/radio/rail_lib/autogen/librail_release/librail_efr32xg1_gcc_release.a(rfhal_rfsense.o)
 .ARM.attributes
                0x000000000000054a       0x37 /home/alex/GitHub/artik-firmata/platform/radio/rail_lib/autogen/librail_release/librail_efr32xg1_gcc_release.a(rfhal_synth.o)
 .ARM.attributes
                0x0000000000000581       0x37 /home/alex/GitHub/artik-firmata/platform/radio/rail_lib/autogen/librail_release/librail_efr32xg1_gcc_release.a(generic_phy.o)
 .ARM.attributes
                0x00000000000005b8       0x32 /home/alex/Downloads/SimplicityStudio_v4/developer/toolchains/gnu_arm/7.2_2017q4/bin/../lib/gcc/arm-none-eabi/7.2.1/../../../../arm-none-eabi/lib/thumb/v7e-m/fpv4-sp/softfp/libc_nano.a(lib_a-exit.o)
 .ARM.attributes
                0x00000000000005ea       0x32 /home/alex/Downloads/SimplicityStudio_v4/developer/toolchains/gnu_arm/7.2_2017q4/bin/../lib/gcc/arm-none-eabi/7.2.1/../../../../arm-none-eabi/lib/thumb/v7e-m/fpv4-sp/softfp/libc_nano.a(lib_a-impure.o)
 .ARM.attributes
                0x000000000000061c       0x32 /home/alex/Downloads/SimplicityStudio_v4/developer/toolchains/gnu_arm/7.2_2017q4/bin/../lib/gcc/arm-none-eabi/7.2.1/../../../../arm-none-eabi/lib/thumb/v7e-m/fpv4-sp/softfp/libc_nano.a(lib_a-init.o)
 .ARM.attributes
                0x000000000000064e       0x32 /home/alex/Downloads/SimplicityStudio_v4/developer/toolchains/gnu_arm/7.2_2017q4/bin/../lib/gcc/arm-none-eabi/7.2.1/../../../../arm-none-eabi/lib/thumb/v7e-m/fpv4-sp/softfp/libc_nano.a(lib_a-memcpy-stub.o)
 .ARM.attributes
                0x0000000000000680       0x32 /home/alex/Downloads/SimplicityStudio_v4/developer/toolchains/gnu_arm/7.2_2017q4/bin/../lib/gcc/arm-none-eabi/7.2.1/../../../../arm-none-eabi/lib/thumb/v7e-m/fpv4-sp/softfp/libc_nano.a(lib_a-memset.o)
 .ARM.attributes
                0x00000000000006b2       0x32 /home/alex/Downloads/SimplicityStudio_v4/developer/toolchains/gnu_arm/7.2_2017q4/bin/../lib/gcc/arm-none-eabi/7.2.1/../../../../arm-none-eabi/lib/thumb/v7e-m/fpv4-sp/softfp/libnosys.a(_exit.o)
 .ARM.attributes
                0x00000000000006e4       0x32 /home/alex/Downloads/SimplicityStudio_v4/developer/toolchains/gnu_arm/7.2_2017q4/bin/../lib/gcc/arm-none-eabi/7.2.1/thumb/v7e-m/fpv4-sp/softfp/crtend.o
 .ARM.attributes
                0x0000000000000716       0x22 /home/alex/Downloads/SimplicityStudio_v4/developer/toolchains/gnu_arm/7.2_2017q4/bin/../lib/gcc/arm-none-eabi/7.2.1/thumb/v7e-m/fpv4-sp/softfp/crtn.o

.comment        0x0000000000000000       0x7e
 .comment       0x0000000000000000       0x7e ./application_properties.o
                                         0x7f (size before relaxing)
 .comment       0x000000000000007e       0x7f ./gatt_db.o
 .comment       0x000000000000007e       0x7f ./main.o
 .comment       0x000000000000007e       0x7f ./platform/Device/SiliconLabs/EFR32BG1B/Source/GCC/startup_efr32bg1b.o
 .comment       0x000000000000007e       0x7f ./platform/Device/SiliconLabs/EFR32BG1B/Source/system_efr32bg1b.o
 .comment       0x000000000000007e       0x7f ./platform/emdrv/tempdrv/src/tempdrv.o
 .comment       0x000000000000007e       0x7f ./platform/emlib/src/em_cmu.o
 .comment       0x000000000000007e       0x7f ./platform/emlib/src/em_core.o
 .comment       0x000000000000007e       0x7f ./platform/emlib/src/em_gpio.o
 .comment       0x000000000000007e       0x7f ./platform/emlib/src/em_system.o
 .comment       0x000000000000007e       0x7f ./platform/emlib/src/em_usart.o
 .comment       0x000000000000007e       0x7f /home/alex/GitHub/artik-firmata/platform/radio/rail_lib/autogen/librail_release/librail_efr32xg1_gcc_release.a(rail_rf_hal.o)
 .comment       0x000000000000007e       0x7f /home/alex/GitHub/artik-firmata/platform/radio/rail_lib/autogen/librail_release/librail_efr32xg1_gcc_release.a(rail_singleprotocol.o)
 .comment       0x000000000000007e       0x7f /home/alex/GitHub/artik-firmata/platform/radio/rail_lib/autogen/librail_release/librail_efr32xg1_gcc_release.a(rail_rf.o)
 .comment       0x000000000000007e       0x7f /home/alex/GitHub/artik-firmata/platform/radio/rail_lib/autogen/librail_release/librail_efr32xg1_gcc_release.a(rail_calibration.o)
 .comment       0x000000000000007e       0x7f /home/alex/GitHub/artik-firmata/platform/radio/rail_lib/autogen/librail_release/librail_efr32xg1_gcc_release.a(rail_assert.o)
 .comment       0x000000000000007e       0x7f /home/alex/GitHub/artik-firmata/platform/radio/rail_lib/autogen/librail_release/librail_efr32xg1_gcc_release.a(rfhal_bufc.o)
 .comment       0x000000000000007e       0x7f /home/alex/GitHub/artik-firmata/platform/radio/rail_lib/autogen/librail_release/librail_efr32xg1_gcc_release.a(rfhal_pa.o)
 .comment       0x000000000000007e       0x7f /home/alex/GitHub/artik-firmata/platform/radio/rail_lib/autogen/librail_release/librail_efr32xg1_gcc_release.a(rfhal_protimer.o)
 .comment       0x000000000000007e       0x7f /home/alex/GitHub/artik-firmata/platform/radio/rail_lib/autogen/librail_release/librail_efr32xg1_gcc_release.a(rfhal_pti.o)
 .comment       0x000000000000007e       0x7f /home/alex/GitHub/artik-firmata/platform/radio/rail_lib/autogen/librail_release/librail_efr32xg1_gcc_release.a(rfhal_radio.o)
 .comment       0x000000000000007e       0x7f /home/alex/GitHub/artik-firmata/platform/radio/rail_lib/autogen/librail_release/librail_efr32xg1_gcc_release.a(rfhal_rfsense.o)
 .comment       0x000000000000007e       0x7f /home/alex/GitHub/artik-firmata/platform/radio/rail_lib/autogen/librail_release/librail_efr32xg1_gcc_release.a(rfhal_synth.o)
 .comment       0x000000000000007e       0x7f /home/alex/GitHub/artik-firmata/platform/radio/rail_lib/autogen/librail_release/librail_efr32xg1_gcc_release.a(generic_phy.o)

.debug_info     0x0000000000000000     0xafa1
 .debug_info    0x0000000000000000      0x161 ./application_properties.o
 .debug_info    0x0000000000000161      0x58a ./gatt_db.o
 .debug_info    0x00000000000006eb     0x183a ./main.o
 .debug_info    0x0000000000001f25      0x273 ./platform/Device/SiliconLabs/EFR32BG1B/Source/GCC/startup_efr32bg1b.o
 .debug_info    0x0000000000002198      0xbab ./platform/Device/SiliconLabs/EFR32BG1B/Source/system_efr32bg1b.o
 .debug_info    0x0000000000002d43     0x21bf ./platform/emdrv/tempdrv/src/tempdrv.o
 .debug_info    0x0000000000004f02     0x2fce ./platform/emlib/src/em_cmu.o
 .debug_info    0x0000000000007ed0      0xd33 ./platform/emlib/src/em_core.o
 .debug_info    0x0000000000008c03      0xed9 ./platform/emlib/src/em_gpio.o
 .debug_info    0x0000000000009adc      0x28a ./platform/emlib/src/em_system.o
 .debug_info    0x0000000000009d66     0x123b ./platform/emlib/src/em_usart.o

.debug_abbrev   0x0000000000000000     0x1afe
 .debug_abbrev  0x0000000000000000       0x97 ./application_properties.o
 .debug_abbrev  0x0000000000000097       0xdb ./gatt_db.o
 .debug_abbrev  0x0000000000000172      0x247 ./main.o
 .debug_abbrev  0x00000000000003b9      0x12e ./platform/Device/SiliconLabs/EFR32BG1B/Source/GCC/startup_efr32bg1b.o
 .debug_abbrev  0x00000000000004e7      0x215 ./platform/Device/SiliconLabs/EFR32BG1B/Source/system_efr32bg1b.o
 .debug_abbrev  0x00000000000006fc      0x4f4 ./platform/emdrv/tempdrv/src/tempdrv.o
 .debug_abbrev  0x0000000000000bf0      0x469 ./platform/emlib/src/em_cmu.o
 .debug_abbrev  0x0000000000001059      0x340 ./platform/emlib/src/em_core.o
 .debug_abbrev  0x0000000000001399      0x2f7 ./platform/emlib/src/em_gpio.o
 .debug_abbrev  0x0000000000001690      0x129 ./platform/emlib/src/em_system.o
 .debug_abbrev  0x00000000000017b9      0x345 ./platform/emlib/src/em_usart.o

.debug_aranges  0x0000000000000000      0x450
 .debug_aranges
                0x0000000000000000       0x18 ./application_properties.o
 .debug_aranges
                0x0000000000000018       0x18 ./gatt_db.o
 .debug_aranges
                0x0000000000000030       0x20 ./main.o
 .debug_aranges
                0x0000000000000050       0x28 ./platform/Device/SiliconLabs/EFR32BG1B/Source/GCC/startup_efr32bg1b.o
 .debug_aranges
                0x0000000000000078       0x68 ./platform/Device/SiliconLabs/EFR32BG1B/Source/system_efr32bg1b.o
 .debug_aranges
                0x00000000000000e0       0x78 ./platform/emdrv/tempdrv/src/tempdrv.o
 .debug_aranges
                0x0000000000000158      0x118 ./platform/emlib/src/em_cmu.o
 .debug_aranges
                0x0000000000000270       0xb8 ./platform/emlib/src/em_core.o
 .debug_aranges
                0x0000000000000328       0x48 ./platform/emlib/src/em_gpio.o
 .debug_aranges
                0x0000000000000370       0x28 ./platform/emlib/src/em_system.o
 .debug_aranges
                0x0000000000000398       0xb8 ./platform/emlib/src/em_usart.o

.debug_line     0x0000000000000000     0x317a
 .debug_line    0x0000000000000000      0x18b ./application_properties.o
 .debug_line    0x000000000000018b      0x183 ./gatt_db.o
 .debug_line    0x000000000000030e      0x38f ./main.o
 .debug_line    0x000000000000069d      0x198 ./platform/Device/SiliconLabs/EFR32BG1B/Source/GCC/startup_efr32bg1b.o
 .debug_line    0x0000000000000835      0x32b ./platform/Device/SiliconLabs/EFR32BG1B/Source/system_efr32bg1b.o
 .debug_line    0x0000000000000b60      0x75d ./platform/emdrv/tempdrv/src/tempdrv.o
 .debug_line    0x00000000000012bd      0xdca ./platform/emlib/src/em_cmu.o
 .debug_line    0x0000000000002087      0x4a5 ./platform/emlib/src/em_core.o
 .debug_line    0x000000000000252c      0x3d9 ./platform/emlib/src/em_gpio.o
 .debug_line    0x0000000000002905      0x276 ./platform/emlib/src/em_system.o
 .debug_line    0x0000000000002b7b      0x5ff ./platform/emlib/src/em_usart.o

.debug_str      0x0000000000000000     0x38bd
 .debug_str     0x0000000000000000      0x234 ./application_properties.o
                                        0x27e (size before relaxing)
 .debug_str     0x0000000000000234      0x569 ./gatt_db.o
                                        0x72e (size before relaxing)
 .debug_str     0x000000000000079d      0xee0 ./main.o
                                       0x1137 (size before relaxing)
 .debug_str     0x000000000000167d      0x163 ./platform/Device/SiliconLabs/EFR32BG1B/Source/GCC/startup_efr32bg1b.o
                                        0x323 (size before relaxing)
 .debug_str     0x00000000000017e0      0x171 ./platform/Device/SiliconLabs/EFR32BG1B/Source/system_efr32bg1b.o
                                        0x74a (size before relaxing)
 .debug_str     0x0000000000001951      0xa4e ./platform/emdrv/tempdrv/src/tempdrv.o
                                       0x10b0 (size before relaxing)
 .debug_str     0x000000000000239f      0xae8 ./platform/emlib/src/em_cmu.o
                                       0x1497 (size before relaxing)
 .debug_str     0x0000000000002e87      0x330 ./platform/emlib/src/em_core.o
                                        0x831 (size before relaxing)
 .debug_str     0x00000000000031b7      0x1e1 ./platform/emlib/src/em_gpio.o
                                        0x829 (size before relaxing)
 .debug_str     0x0000000000003398       0xb1 ./platform/emlib/src/em_system.o
                                        0x2f6 (size before relaxing)
 .debug_str     0x0000000000003449      0x474 ./platform/emlib/src/em_usart.o
                                        0xcbf (size before relaxing)

.debug_loc      0x0000000000000000     0x4d08
 .debug_loc     0x0000000000000000      0x1a2 ./main.o
 .debug_loc     0x00000000000001a2       0x5e ./platform/Device/SiliconLabs/EFR32BG1B/Source/GCC/startup_efr32bg1b.o
 .debug_loc     0x0000000000000200      0x112 ./platform/Device/SiliconLabs/EFR32BG1B/Source/system_efr32bg1b.o
 .debug_loc     0x0000000000000312      0x838 ./platform/emdrv/tempdrv/src/tempdrv.o
 .debug_loc     0x0000000000000b4a     0x287e ./platform/emlib/src/em_cmu.o
 .debug_loc     0x00000000000033c8      0x6b2 ./platform/emlib/src/em_core.o
 .debug_loc     0x0000000000003a7a      0x890 ./platform/emlib/src/em_gpio.o
 .debug_loc     0x000000000000430a       0x8d ./platform/emlib/src/em_system.o
 .debug_loc     0x0000000000004397      0x971 ./platform/emlib/src/em_usart.o

.debug_ranges   0x0000000000000000      0xee8
 .debug_ranges  0x0000000000000000       0x70 ./main.o
 .debug_ranges  0x0000000000000070       0x18 ./platform/Device/SiliconLabs/EFR32BG1B/Source/GCC/startup_efr32bg1b.o
 .debug_ranges  0x0000000000000088       0x58 ./platform/Device/SiliconLabs/EFR32BG1B/Source/system_efr32bg1b.o
 .debug_ranges  0x00000000000000e0      0x310 ./platform/emdrv/tempdrv/src/tempdrv.o
 .debug_ranges  0x00000000000003f0      0x710 ./platform/emlib/src/em_cmu.o
 .debug_ranges  0x0000000000000b00       0xf8 ./platform/emlib/src/em_core.o
 .debug_ranges  0x0000000000000bf8      0x178 ./platform/emlib/src/em_gpio.o
 .debug_ranges  0x0000000000000d70       0x18 ./platform/emlib/src/em_system.o
 .debug_ranges  0x0000000000000d88      0x160 ./platform/emlib/src/em_usart.o

.debug_frame    0x0000000000000000      0xb2c
 .debug_frame   0x0000000000000000       0x30 ./main.o
 .debug_frame   0x0000000000000030       0x38 ./platform/Device/SiliconLabs/EFR32BG1B/Source/GCC/startup_efr32bg1b.o
 .debug_frame   0x0000000000000068       0xd4 ./platform/Device/SiliconLabs/EFR32BG1B/Source/system_efr32bg1b.o
 .debug_frame   0x000000000000013c      0x158 ./platform/emdrv/tempdrv/src/tempdrv.o
 .debug_frame   0x0000000000000294      0x2f8 ./platform/emlib/src/em_cmu.o
 .debug_frame   0x000000000000058c      0x224 ./platform/emlib/src/em_core.o
 .debug_frame   0x00000000000007b0       0xac ./platform/emlib/src/em_gpio.o
 .debug_frame   0x000000000000085c       0x30 ./platform/emlib/src/em_system.o
 .debug_frame   0x000000000000088c      0x1e4 ./platform/emlib/src/em_usart.o
 .debug_frame   0x0000000000000a70       0x28 /home/alex/Downloads/SimplicityStudio_v4/developer/toolchains/gnu_arm/7.2_2017q4/bin/../lib/gcc/arm-none-eabi/7.2.1/../../../../arm-none-eabi/lib/thumb/v7e-m/fpv4-sp/softfp/libc_nano.a(lib_a-exit.o)
 .debug_frame   0x0000000000000a98       0x2c /home/alex/Downloads/SimplicityStudio_v4/developer/toolchains/gnu_arm/7.2_2017q4/bin/../lib/gcc/arm-none-eabi/7.2.1/../../../../arm-none-eabi/lib/thumb/v7e-m/fpv4-sp/softfp/libc_nano.a(lib_a-init.o)
 .debug_frame   0x0000000000000ac4       0x28 /home/alex/Downloads/SimplicityStudio_v4/developer/toolchains/gnu_arm/7.2_2017q4/bin/../lib/gcc/arm-none-eabi/7.2.1/../../../../arm-none-eabi/lib/thumb/v7e-m/fpv4-sp/softfp/libc_nano.a(lib_a-memcpy-stub.o)
 .debug_frame   0x0000000000000aec       0x20 /home/alex/Downloads/SimplicityStudio_v4/developer/toolchains/gnu_arm/7.2_2017q4/bin/../lib/gcc/arm-none-eabi/7.2.1/../../../../arm-none-eabi/lib/thumb/v7e-m/fpv4-sp/softfp/libc_nano.a(lib_a-memset.o)
 .debug_frame   0x0000000000000b0c       0x20 /home/alex/Downloads/SimplicityStudio_v4/developer/toolchains/gnu_arm/7.2_2017q4/bin/../lib/gcc/arm-none-eabi/7.2.1/../../../../arm-none-eabi/lib/thumb/v7e-m/fpv4-sp/softfp/libnosys.a(_exit.o)
